[17:13:30] [ServerMain/INFO]: [bootstrap] Running Java 25 (OpenJDK 64-Bit Server VM 25.0.2+10-LTS; Microsoft Microsoft-13053558) on Linux 6.8.0-1044-azure (amd64)
[17:13:30] [ServerMain/INFO]: [bootstrap] Loading Paper 1.21.11-132-ver/1.21.11@c5eb079 (2026-05-11T11:43:09Z) for Minecraft 1.21.11
[17:13:31] [ServerMain/INFO]: [PluginInitializerManager] Initializing plugins...
[17:13:32] [ServerMain/INFO]: [PluginInitializerManager] Initialized 6 plugins
[17:13:32] [ServerMain/INFO]: [PluginInitializerManager] Bukkit plugins (6):
 - AxGraves (1.28.0), Chunky (1.4.40), Geyser-Spigot (2.10.0-SNAPSHOT), SkinsRestorer (15.12.0), ViaBackwards (5.4.2), ViaVersion (5.4.2)
[17:13:37] [ServerMain/INFO]: Environment: Environment[sessionHost=https://sessionserver.mojang.com, servicesHost=https://api.minecraftservices.com, profilesHost=https://api.mojang.com, name=PROD]
[17:13:40] [ServerMain/INFO]: Loaded 1470 recipes
[17:13:40] [ServerMain/INFO]: Loaded 1584 advancements
[17:13:40] [ServerMain/INFO]: [ca.spottedleaf.dataconverter.minecraft.datatypes.MCTypeRegistry] Initialising converters for DataConverter...
[17:13:40] [ServerMain/INFO]: [ca.spottedleaf.dataconverter.minecraft.datatypes.MCTypeRegistry] Finished initialising converters for DataConverter in 482.1ms
[17:13:41] [Server thread/INFO]: Starting minecraft server version 1.21.11
[17:13:41] [Server thread/INFO]: Loading properties
[17:13:41] [Server thread/INFO]: This server is running Paper version 1.21.11-132-ver/1.21.11@c5eb079 (2026-05-11T11:43:09Z) (Implementing API version 1.21.11-R0.1-SNAPSHOT)
[17:13:41] [Server thread/INFO]: [spark] This server bundles the spark profiler. For more information please visit https://docs.papermc.io/paper/profiling
[17:13:41] [Server thread/INFO]: Server Ping Player Sample Count: 12
[17:13:41] [Server thread/INFO]: Using 4 threads for Netty based IO
[17:13:42] [Server thread/INFO]: [MoonriseCommon] Paper is using 1 worker threads, 1 I/O threads
[17:13:42] [Server thread/INFO]: Default game type: SURVIVAL
[17:13:42] [Server thread/INFO]: Generating keypair
[17:13:42] [Server thread/INFO]: Starting Minecraft server on *:25565
[17:13:42] [Server thread/INFO]: Paper: Using libdeflate (Linux x86_64) compression from Velocity.
[17:13:42] [Server thread/INFO]: Paper: Using OpenSSL 3.x.x (Linux x86_64) cipher from Velocity.
[17:13:44] [Server thread/INFO]: [ViaVersion] Loading server plugin ViaVersion v5.4.2
[17:13:44] [Server thread/INFO]: [ViaVersion] ViaVersion 5.4.2 is now loaded. Registering protocol transformers and injecting...
[17:13:44] [Via-Mappingloader-0/INFO]: [ViaVersion] Loading block connection mappings ...
[17:13:45] [Via-Mappingloader-0/INFO]: [ViaVersion] Using FastUtil Long2ObjectOpenHashMap for block connections
[17:13:45] [Server thread/INFO]: [ViaBackwards] Loading translations...
[17:13:45] [Server thread/INFO]: [ViaBackwards] Registering protocols...
[17:13:46] [Server thread/INFO]: [ViaBackwards] Loading server plugin ViaBackwards v5.4.2
[17:13:46] [Server thread/INFO]: [SkinsRestorer] Loading server plugin SkinsRestorer v15.12.0
[17:13:46] [Server thread/INFO]: [Geyser-Spigot] Loading server plugin Geyser-Spigot v2.10.0-SNAPSHOT
[17:13:46] [Server thread/INFO]: [Geyser-Spigot] Loading extensions...
[17:13:46] [Server thread/INFO]: [Geyser-Spigot] Loaded 0 extension(s)
[17:13:46] [Server thread/INFO]: [Chunky] Loading server plugin Chunky v1.4.40
[17:13:46] [Server thread/INFO]: [AxGraves] Loading server plugin AxGraves v1.28.0
[17:13:46] [Server thread/INFO]: Server permissions file permissions.yml is empty, ignoring it
[17:13:46] [Server thread/INFO]: [SkinsRestorer] Enabling SkinsRestorer v15.12.0
[17:13:47] [Server thread/INFO]: [SkinsRestorer] Running on Minecraft 1.21.11.
[17:13:48] [Server thread/INFO]: [SkinsRestorer] Using paper join listener!
[17:13:48] [Server thread/WARN]: **** SERVER IS RUNNING IN OFFLINE/INSECURE MODE!
[17:13:48] [Server thread/WARN]: The server will make no attempt to authenticate usernames. Beware.
[17:13:48] [Server thread/WARN]: While this makes the game possible to play without internet access, it also opens up the ability for hackers to connect with any username they choose.
[17:13:48] [Server thread/WARN]: To change this, set "online-mode" to "true" in the server.properties file.
[17:13:48] [Server thread/INFO]: Preparing level "world"
[17:13:48] [Folia Async Scheduler Thread #1/INFO]: [SkinsRestorer] ----------------------------------------------
[17:13:48] [Folia Async Scheduler Thread #1/INFO]: [SkinsRestorer]     +==================+
[17:13:48] [Folia Async Scheduler Thread #1/INFO]: [SkinsRestorer]     |   SkinsRestorer  |
[17:13:48] [Folia Async Scheduler Thread #1/INFO]: [SkinsRestorer]     |------------------|
[17:13:48] [Folia Async Scheduler Thread #1/INFO]: [SkinsRestorer]     |  Standalone Mode |
[17:13:48] [Folia Async Scheduler Thread #1/INFO]: [SkinsRestorer]     +==================+
[17:13:48] [Folia Async Scheduler Thread #1/INFO]: [SkinsRestorer] ----------------------------------------------
[17:13:48] [Folia Async Scheduler Thread #1/INFO]: [SkinsRestorer]     Version: 15.12.0
[17:13:48] [Folia Async Scheduler Thread #1/INFO]: [SkinsRestorer]     Commit: 2903414
[17:13:48] [Folia Async Scheduler Thread #1/INFO]: [SkinsRestorer]     This is the latest version!
[17:13:48] [Folia Async Scheduler Thread #1/INFO]: [SkinsRestorer] ----------------------------------------------
[17:13:48] [Folia Async Scheduler Thread #1/INFO]: [SkinsRestorer] Do you have issues? Read our troubleshooting guide: https://skinsrestorer.net/docs/troubleshooting
[17:13:48] [Folia Async Scheduler Thread #1/INFO]: [SkinsRestorer] Want to support SkinsRestorer or receive priority support? Become a supporter: https://skinsrestorer.net/pricing
[17:13:48] [Server thread/INFO]: [ca.spottedleaf.moonrise.common.util.MoonriseConstants] NUMA enable flag is not set; however there is NUMA interaction support for this OS.
[17:13:48] [Server thread/INFO]: [ca.spottedleaf.moonrise.common.util.MoonriseConstants] Detected 1 NUMA nodes.
[17:13:49] [Server thread/INFO]: Loading 0 persistent chunks for world 'minecraft:overworld'...
[17:13:49] [Server thread/INFO]: Preparing spawn area: 100%
[17:13:49] [Server thread/INFO]: Prepared spawn area in 5 ms
[17:13:49] [Server thread/INFO]: Loading 0 persistent chunks for world 'minecraft:the_nether'...
[17:13:49] [Server thread/INFO]: Prepared spawn area in 5 ms
[17:13:49] [Server thread/INFO]: Loading 0 persistent chunks for world 'minecraft:the_end'...
[17:13:49] [Server thread/INFO]: Prepared spawn area in 1 ms
[17:13:49] [Server thread/INFO]: Done preparing level "world" (0.709s)
[17:13:49] [Server thread/INFO]: [ViaVersion] Enabling ViaVersion v5.4.2
[17:13:49] [Server thread/ERROR]: [ViaVersion] Server version has not been loaded yet, cannot register additional listeners
[17:13:49] [Server thread/INFO]: [ViaBackwards] Enabling ViaBackwards v5.4.2
[17:13:49] [Server thread/INFO]: [Geyser-Spigot] Enabling Geyser-Spigot v2.10.0-SNAPSHOT
[17:13:50] [Server thread/INFO]: [Chunky] Enabling Chunky v1.4.40
[17:13:50] [Server thread/INFO]: [AxGraves] Enabling AxGraves v1.28.0
[17:13:52] [Server thread/INFO]: [spark] Starting background profiler...
[17:13:52] [Server thread/INFO]: [Geyser-Spigot] ******************************************
[17:13:52] [Server thread/INFO]: [Geyser-Spigot] 
[17:13:52] [Server thread/INFO]: [Geyser-Spigot] Loading Geyser version 2.10.0-b1148 (git-master-ba17cf2)
[17:13:52] [Server thread/INFO]: [Geyser-Spigot] 
[17:13:52] [Server thread/INFO]: [Geyser-Spigot] ******************************************
[17:13:57] [GeyserServer-3-1/INFO]: [Geyser-Spigot] Started Geyser on UDP port 19132
[17:13:57] [Server thread/INFO]: [Geyser-Spigot] Done (5.16s)! Run /geyser help for help!
[17:13:58] [Server thread/INFO]: Running delayed init tasks
[17:13:58] [Server thread/WARN]: [Geyser-Spigot] You are using an outdated version of ViaVersion; please download the newest version from https://ci.viaversion.com/job/ViaVersion/
[17:13:58] [Server thread/INFO]: Done (28.660s)! For help, type "help"
[17:13:58] [Craft Scheduler Thread - 2 - ViaVersion/INFO]: [ViaVersion] Finished mapping loading, shutting down loader executor.
[17:13:58] [Server thread/WARN]: [ViaVersion] There is a newer plugin version available: 5.9.1, you're on: 5.4.2
[17:13:58] [Paper Async Task Handler Thread - 1/WARN]: *************************************************************************************
[17:13:58] [Paper Async Task Handler Thread - 1/WARN]: You are running the latest build for your Minecraft version (1.21.11)
[17:13:58] [Paper Async Task Handler Thread - 1/WARN]: However, you are 2 release(s) behind the latest stable release (26.1.2)!
[17:13:58] [Paper Async Task Handler Thread - 1/WARN]: It is recommended that you update as soon as possible
[17:13:58] [Paper Async Task Handler Thread - 1/WARN]: https://papermc.io/downloads/paper
[17:13:58] [Paper Async Task Handler Thread - 1/WARN]: *************************************************************************************
[17:27:09] [User Authenticator #0/INFO]: UUID of player DarkieBot is 4100dd5e-a3bf-3ee4-acdf-7c8c639d1168
[17:27:10] [Server thread/INFO]: DarkieBot joined the game
[17:27:11] [Server thread/INFO]: DarkieBot[/127.0.0.1:60016] logged in with entity id 28 at ([world]9.5, 80.0, -47.5)
[17:27:11] [Async Chat Thread - #0/INFO]: [Not Secure] <DarkieBot> Ready. Type !bot help
[17:27:16] [Server thread/INFO]: DarkieBot lost connection: Disconnected
[17:27:16] [Server thread/INFO]: DarkieBot left the game
[17:28:38] [User Authenticator #1/INFO]: UUID of player DarkieBot is 4100dd5e-a3bf-3ee4-acdf-7c8c639d1168
[17:28:39] [Server thread/INFO]: DarkieBot joined the game
[17:28:39] [Server thread/INFO]: DarkieBot[/127.0.0.1:50794] logged in with entity id 283 at ([world]9.5, 80.0, -47.5)
[17:28:39] [Async Chat Thread - #2/INFO]: [Not Secure] <DarkieBot> Ready. Type !bot help
[17:28:57] [Server thread/INFO]: Unknown or incomplete command. See below for error
!bot help<--[HERE]
[17:38:07] [User Authenticator #2/INFO]: UUID of player DarkieBot is 4100dd5e-a3bf-3ee4-acdf-7c8c639d1168
[17:38:07] [Server thread/INFO]: DarkieBot lost connection: You logged in from another location
[17:38:07] [Server thread/INFO]: DarkieBot left the game
[17:38:07] [Server thread/INFO]: DarkieBot joined the game
[17:38:07] [Server thread/INFO]: DarkieBot[/127.0.0.1:50590] logged in with entity id 1239 at ([world]9.090675716314053, 80.0, -47.26546245097447)
[17:38:07] [Async Chat Thread - #3/INFO]: [Not Secure] <DarkieBot> Ready. Type !bot help
[17:38:13] [Server thread/INFO]: DarkieBot lost connection: Disconnected
[17:38:13] [Server thread/INFO]: DarkieBot left the game
[17:38:14] [User Authenticator #2/INFO]: UUID of player DarkieBot is 4100dd5e-a3bf-3ee4-acdf-7c8c639d1168
[17:38:14] [Server thread/INFO]: DarkieBot joined the game
[17:38:14] [Server thread/INFO]: DarkieBot[/127.0.0.1:50596] logged in with entity id 1246 at ([world]9.090675716314053, 80.0, -47.26546245097447)
[17:38:14] [Async Chat Thread - #4/INFO]: [Not Secure] <DarkieBot> Ready. Type !bot help
[17:43:26] [Server thread/INFO]: DarkieBot lost connection: Disconnected
[17:43:26] [Server thread/INFO]: DarkieBot left the game
[17:43:31] [User Authenticator #3/INFO]: UUID of player DarkieBot is 4100dd5e-a3bf-3ee4-acdf-7c8c639d1168
[17:43:31] [Server thread/INFO]: DarkieBot joined the game
[17:43:31] [Server thread/INFO]: DarkieBot[/127.0.0.1:55736] logged in with entity id 1670 at ([world]9.090675716314053, 80.0, -47.26546245097447)
[17:43:31] [Async Chat Thread - #6/INFO]: [Not Secure] <DarkieBot> Ready. Type !bot help
[17:50:49] [Server thread/INFO]: DarkieBot was slain by Zombie
[17:51:06] [Server thread/INFO]: DarkieBot was slain by Zombie
[17:51:28] [Server thread/INFO]: DarkieBot was slain by Zombie
[17:58:11] [User Authenticator #4/INFO]: UUID of player DarkieBot is 4100dd5e-a3bf-3ee4-acdf-7c8c639d1168
[17:58:12] [Server thread/INFO]: DarkieBot lost connection: You logged in from another location
[17:58:12] [Server thread/INFO]: DarkieBot left the game
[17:58:12] [Server thread/INFO]: DarkieBot joined the game
[17:58:12] [Server thread/INFO]: DarkieBot[/127.0.0.1:55840] logged in with entity id 2957 at ([world]25.5, 90.0, -45.5)
[17:58:12] [Async Chat Thread - #7/INFO]: [Not Secure] <DarkieBot> Ready. Type !bot help
[17:58:18] [Server thread/INFO]: DarkieBot lost connection: Disconnected
[17:58:18] [Server thread/INFO]: DarkieBot left the game
[17:58:19] [User Authenticator #4/INFO]: UUID of player DarkieBot is 4100dd5e-a3bf-3ee4-acdf-7c8c639d1168
[17:58:19] [Server thread/INFO]: DarkieBot joined the game
[17:58:19] [Server thread/INFO]: DarkieBot[/127.0.0.1:55222] logged in with entity id 2973 at ([world]25.5, 90.0, -45.5)
[17:58:19] [Async Chat Thread - #7/INFO]: [Not Secure] <DarkieBot> Ready. Type !bot help
[18:04:37] [User Authenticator #5/INFO]: UUID of player DarkieBot is 4100dd5e-a3bf-3ee4-acdf-7c8c639d1168
[18:04:37] [Server thread/INFO]: DarkieBot lost connection: You logged in from another location
[18:04:37] [Server thread/INFO]: DarkieBot left the game
[18:04:37] [Server thread/INFO]: DarkieBot joined the game
[18:04:37] [Server thread/INFO]: DarkieBot[/127.0.0.1:59856] logged in with entity id 3510 at ([world]25.5, 90.0, -45.5)
[18:04:38] [Async Chat Thread - #9/INFO]: [Not Secure] <DarkieBot> Ready. Type !bot help
[18:04:44] [Server thread/INFO]: DarkieBot lost connection: Disconnected
[18:04:44] [Server thread/INFO]: DarkieBot left the game
[18:04:44] [User Authenticator #5/INFO]: UUID of player DarkieBot is 4100dd5e-a3bf-3ee4-acdf-7c8c639d1168
[18:04:44] [Server thread/INFO]: DarkieBot joined the game
[18:04:44] [Server thread/INFO]: DarkieBot[/127.0.0.1:47260] logged in with entity id 3525 at ([world]25.5, 90.0, -45.5)
[18:04:44] [Async Chat Thread - #10/INFO]: [Not Secure] <DarkieBot> Ready. Type !bot help
[18:06:11] [Server thread/INFO]: DarkieBot lost connection: Disconnected
[18:06:11] [Server thread/INFO]: DarkieBot left the game
[18:06:14] [User Authenticator #6/INFO]: UUID of player DarkieBot is 4100dd5e-a3bf-3ee4-acdf-7c8c639d1168
[18:06:15] [Server thread/INFO]: DarkieBot joined the game
[18:06:15] [Server thread/INFO]: DarkieBot[/127.0.0.1:59110] logged in with entity id 3652 at ([world]25.5, 90.0, -45.5)
[18:06:15] [Async Chat Thread - #11/INFO]: [Not Secure] <DarkieBot> Ready. Type !bot help
[18:12:16] [User Authenticator #7/INFO]: UUID of player Darkie_Krish is 5164d4e9-5feb-318f-9b55-69fec6c41068
[18:12:21] [Server thread/INFO]: Darkie_Krish joined the game
[18:12:21] [Server thread/INFO]: Darkie_Krish[/127.50.52.166:44587] logged in with entity id 4200 at ([world]12.5, 80.0, -54.5)
[18:12:54] [Async Chat Thread - #13/INFO]: [Not Secure] <Darkie_Krish> DarkieBot come to me
[18:13:21] [Async Chat Thread - #13/INFO]: [Not Secure] <Darkie_Krish> DarkieBot mine 3 stacks of any log/wood
[18:13:21] [Async Chat Thread - #14/INFO]: [Not Secure] <DarkieBot> Command failed: Unknown block: 3
[18:13:34] [Async Chat Thread - #14/INFO]: [Not Secure] <Darkie_Krish> DarkieBot mine 3 stacks of jungle logs
[18:13:34] [Async Chat Thread - #14/INFO]: [Not Secure] <DarkieBot> Command failed: Unknown block: 3
[18:13:41] [Async Chat Thread - #13/INFO]: [Not Secure] <Darkie_Krish> DarkieBot mine 3 stacks of jungle_log
[18:13:41] [Async Chat Thread - #13/INFO]: [Not Secure] <DarkieBot> Command failed: Unknown block: 3
[18:14:01] [Async Chat Thread - #14/INFO]: [Not Secure] <Darkie_Krish> DarkieBot mine 3 stacks of jungle_log
[18:14:01] [Async Chat Thread - #13/INFO]: [Not Secure] <DarkieBot> Command failed: Unknown block: 3
[18:14:13] [Async Chat Thread - #13/INFO]: [Not Secure] <Darkie_Krish> DarkieBot mine 3 stacks of wood
[18:14:13] [Async Chat Thread - #13/INFO]: [Not Secure] <DarkieBot> Command failed: Unknown block: 3
[18:14:16] [Async Chat Thread - #13/INFO]: [Not Secure] <Darkie_Krish> DarkieBot mine 3 stacks of dirt
[18:14:16] [Async Chat Thread - #13/INFO]: [Not Secure] <DarkieBot> Command failed: Unknown block: 3
[18:14:36] [Async Chat Thread - #14/INFO]: [Not Secure] <Darkie_Krish> DarkieBot mine jungle log 4 stacks
[18:14:36] [Async Chat Thread - #14/INFO]: [Not Secure] <DarkieBot> Command failed: Unknown block: jungle
[18:14:43] [Async Chat Thread - #14/INFO]: [Not Secure] <Darkie_Krish> DarkieBot mine jungle_log 4 stacks
[18:14:43] [Async Chat Thread - #14/INFO]: [Not Secure] <DarkieBot> Command failed: The goal was changed before it could be completed!
[18:14:48] [Async Chat Thread - #14/INFO]: [Not Secure] <DarkieBot> Dug jungle_log.
[18:14:58] [Async Chat Thread - #14/INFO]: [Not Secure] <Darkie_Krish> DarkieBot mine jungle_log 100
[18:15:02] [Async Chat Thread - #14/INFO]: [Not Secure] <DarkieBot> Dug jungle_log.
[18:15:37] [Async Chat Thread - #14/INFO]: [Not Secure] <Darkie_Krish> !bot help me
[18:15:37] [Async Chat Thread - #14/INFO]: [Not Secure] <DarkieBot> Commands: help, aihelp, buildhelp, status, come, follow, stop, guard, unguard, practice, stoppractice, sethome, home, where, scan, armor, eat, inv, blocks, supply, place, line, wall, floor, bridge, pillar, toss, collect, dig, look, jump, sneak, unsneak, sa
[18:15:37] [Async Chat Thread - #13/INFO]: [Not Secure] <DarkieBot> y
[18:15:52] [Async Chat Thread - #13/INFO]: [Not Secure] <Darkie_Krish> DarkieBot kill Darkie_Krish
[18:15:52] [Async Chat Thread - #13/INFO]: [Not Secure] <DarkieBot> I understood the words, but not the task. Try !bot aihelp
[18:16:14] [Async Chat Thread - #13/INFO]: [Not Secure] <Darkie_Krish> DarkieBot build a bridge
[18:16:14] [Async Chat Thread - #13/INFO]: [Not Secure] <DarkieBot> I understood the words, but not the task. Try !bot aihelp
[18:20:44] [User Authenticator #8/INFO]: UUID of player DarkieBot is 4100dd5e-a3bf-3ee4-acdf-7c8c639d1168
[18:20:44] [Server thread/INFO]: DarkieBot lost connection: You logged in from another location
[18:20:44] [Server thread/INFO]: DarkieBot left the game
[18:20:44] [Server thread/INFO]: DarkieBot joined the game
[18:20:44] [Server thread/INFO]: DarkieBot[/127.0.0.1:60016] logged in with entity id 4955 at ([world]3.5355776778376806, 80.0, -43.69753710448416)
[18:20:44] [Async Chat Thread - #15/INFO]: [Not Secure] <DarkieBot> Ready. Type !bot help
[18:20:50] [Server thread/INFO]: DarkieBot lost connection: Disconnected
[18:20:50] [Server thread/INFO]: DarkieBot left the game
[18:20:51] [User Authenticator #8/INFO]: UUID of player DarkieBot is 4100dd5e-a3bf-3ee4-acdf-7c8c639d1168
[18:20:51] [Server thread/INFO]: DarkieBot joined the game
[18:20:51] [Server thread/INFO]: DarkieBot[/127.0.0.1:50398] logged in with entity id 4964 at ([world]3.5355776778376806, 80.0, -43.69753710448416)
[18:20:51] [Async Chat Thread - #16/INFO]: [Not Secure] <DarkieBot> Ready. Type !bot help
[18:23:26] [Server thread/INFO]: Darkie_Krish was slain by Zombie
[18:23:36] [Server thread/INFO]: DarkieBot was slain by Zombie
[18:24:00] [Server thread/INFO]: DarkieBot was slain by Zombie
[18:24:12] [Server thread/INFO]: DarkieBot was slain by Zombie
[18:24:29] [Server thread/INFO]: DarkieBot was slain by Zombie
[18:24:54] [Server thread/INFO]: DarkieBot was slain by Zombie
[18:25:32] [Server thread/INFO]: DarkieBot lost connection: Disconnected
[18:25:32] [Server thread/INFO]: DarkieBot left the game
[18:25:42] [Server thread/INFO]: Darkie_Krish lost connection: Disconnected
[18:25:43] [Server thread/INFO]: Darkie_Krish left the game
[18:26:05] [Server thread/INFO]: Stopping server
[18:26:05] [Server thread/INFO]: [AxGraves] Disabling AxGraves v1.28.0
[18:26:05] [Server thread/INFO]: [Chunky] Disabling Chunky v1.4.40
[18:26:05] [Server thread/INFO]: [Geyser-Spigot] Disabling Geyser-Spigot v2.10.0-SNAPSHOT
[18:26:05] [Server thread/INFO]: [Geyser-Spigot] Shutting down Geyser.
[18:26:06] [Server thread/INFO]: [Geyser-Spigot] Geyser shutdown successfully.
[18:26:06] [Server thread/INFO]: [SkinsRestorer] Disabling SkinsRestorer v15.12.0
[18:26:06] [Server thread/INFO]: [ViaBackwards] Disabling ViaBackwards v5.4.2
[18:26:06] [Server thread/INFO]: [ViaVersion] Disabling ViaVersion v5.4.2
[18:26:06] [Server thread/INFO]: [ViaVersion] ViaVersion has been disabled; uninjected the platform and shut down the scheduler.
[18:26:06] [Server thread/INFO]: Saving players
[18:26:06] [Server thread/INFO]: Saving worlds
[18:26:06] [Server thread/INFO]: Saving chunks for level 'ServerLevel[world]'/minecraft:overworld
[18:26:06] [Server thread/INFO]: [ChunkHolderManager] Waiting 60s for chunk system to halt for world 'world'
[18:26:06] [Server thread/INFO]: [ChunkHolderManager] Halted chunk system for world 'world'
[18:26:06] [Server thread/INFO]: [ChunkHolderManager] Saving all chunkholders for world 'world'
[18:26:06] [Server thread/INFO]: [ChunkHolderManager] Saved 0 block chunks, 0 entity chunks, 0 poi chunks in world 'world' in 0.04s
[18:26:06] [Server thread/INFO]: [ChunkHolderManager] Waiting 60s for chunk I/O to halt for world 'world'
[18:26:06] [Server thread/INFO]: [ChunkHolderManager] Halted I/O scheduler for world 'world'
[18:26:06] [Server thread/INFO]: Saving chunks for level 'ServerLevel[world_nether]'/minecraft:the_nether
[18:26:06] [Server thread/INFO]: [ChunkHolderManager] Waiting 60s for chunk system to halt for world 'world_nether'
[18:26:06] [Server thread/INFO]: [ChunkHolderManager] Halted chunk system for world 'world_nether'
[18:26:06] [Server thread/INFO]: [ChunkHolderManager] Saving all chunkholders for world 'world_nether'
[18:26:06] [Server thread/INFO]: [ChunkHolderManager] Saved 0 block chunks, 0 entity chunks, 0 poi chunks in world 'world_nether' in 0.00s
[18:26:06] [Server thread/INFO]: [ChunkHolderManager] Waiting 60s for chunk I/O to halt for world 'world_nether'
[18:26:06] [Server thread/INFO]: [ChunkHolderManager] Halted I/O scheduler for world 'world_nether'
[18:26:06] [Server thread/INFO]: Saving chunks for level 'ServerLevel[world_the_end]'/minecraft:the_end
[18:26:06] [Server thread/INFO]: [ChunkHolderManager] Waiting 60s for chunk system to halt for world 'world_the_end'
[18:26:06] [Server thread/INFO]: [ChunkHolderManager] Halted chunk system for world 'world_the_end'
[18:26:06] [Server thread/INFO]: [ChunkHolderManager] Saving all chunkholders for world 'world_the_end'
[18:26:06] [Server thread/INFO]: [ChunkHolderManager] Saved 0 block chunks, 0 entity chunks, 0 poi chunks in world 'world_the_end' in 0.00s
[18:26:06] [Server thread/INFO]: [ChunkHolderManager] Waiting 60s for chunk I/O to halt for world 'world_the_end'
[18:26:06] [Server thread/INFO]: [ChunkHolderManager] Halted I/O scheduler for world 'world_the_end'
[18:26:06] [Server thread/INFO]: ThreadedAnvilChunkStorage (world): All chunks are saved
[18:26:06] [Server thread/INFO]: ThreadedAnvilChunkStorage (DIM-1): All chunks are saved
[18:26:06] [Server thread/INFO]: ThreadedAnvilChunkStorage (DIM1): All chunks are saved
[18:26:06] [Server thread/INFO]: ThreadedAnvilChunkStorage: All dimensions are saved
[18:26:06] [Server thread/INFO]: Waiting for all RegionFile I/O tasks to complete...
[18:26:06] [Server thread/INFO]: All RegionFile I/O tasks to complete
[18:26:06] [Server thread/INFO]: [MoonriseCommon] Awaiting termination of worker pool for up to 60s...
[18:26:06] [Server thread/INFO]: [MoonriseCommon] Awaiting termination of I/O pool for up to 60s...
